MO ece453_top_level NULL src/ece453_top_level.v vlg4A/ece453__top__level.bin 1329176109
MO reg_file NULL src/reg_file.v vlg69/reg__file.bin 1329176109
MO shift_reg NULL src/shift_reg.v vlg43/shift__reg.bin 1329176109
MO ece453_master_module NULL src/ece453_master_module.v vlg21/ece453__master__module.bin 1329176109
