--------------------------------------------------------------------------------
Release 12.4 Trace  (nt64)
Copyright (c) 1995-2010 Xilinx, Inc.  All rights reserved.

C:\Xilinx\12.4\ISE_DS\ISE\bin\nt64\unwrapped\trce.exe -filter
C:/vmware-shared/ece453/l5/fpga/l5/iseconfig/filter.filter -intstyle ise -v 3
-s 4 -n 3 -fastpaths -xml ece453_top_level.twx ece453_top_level.ncd -o
ece453_top_level.twr ece453_top_level.pcf -ucf ece453_TLL5000_spring2012.ucf

Design file:              ece453_top_level.ncd
Physical constraint file: ece453_top_level.pcf
Device,package,speed:     xc3s1500,fg676,-4 (PRODUCTION 1.39 2010-11-18)
Report level:             verbose report

Environment Variable      Effect 
--------------------      ------ 
NONE                      No environment variables were set
--------------------------------------------------------------------------------

INFO:Timing:2698 - No timing constraints found, doing default enumeration.
INFO:Timing:2752 - To get complete path coverage, use the unconstrained paths 
   option. All paths that are not constrained will be reported in the 
   unconstrained paths section(s) of the report.
INFO:Timing:3339 - The clock-to-out numbers in this timing report are based on 
   a 50 Ohm transmission line loading model.  For the details of this model, 
   and for more information on accounting for different loading conditions, 
   please see the device datasheet.
INFO:Timing:3390 - This architecture does not support a default System Jitter 
   value, please add SYSTEM_JITTER constraint to the UCF to modify the Clock 
   Uncertainty calculation.
INFO:Timing:3389 - This architecture does not support 'Discrete Jitter' and 
   'Phase Error' calculations, these terms will be zero in the Clock 
   Uncertainty calculation.  Please make appropriate modification to 
   SYSTEM_JITTER to account for the unsupported Discrete Jitter and Phase 
   Error.



Data Sheet report:
-----------------
All values displayed in nanoseconds (ns)

Setup/Hold to clock FPGA_CLK1
------------+------------+------------+------------------+--------+
            |Max Setup to|Max Hold to |                  | Clock  |
Source      | clk (edge) | clk (edge) |Internal Clock(s) | Phase  |
------------+------------+------------+------------------+--------+
MZB_A<0>    |    1.275(R)|   -0.200(R)|FPGA_CLK1_BUFGP   |   0.000|
MZB_A<1>    |    0.897(R)|    0.108(R)|FPGA_CLK1_BUFGP   |   0.000|
MZB_A<2>    |    0.913(R)|    0.096(R)|FPGA_CLK1_BUFGP   |   0.000|
MZB_A<3>    |    0.934(R)|    0.075(R)|FPGA_CLK1_BUFGP   |   0.000|
MZB_A<4>    |    0.776(R)|    0.208(R)|FPGA_CLK1_BUFGP   |   0.000|
MZB_A<5>    |    0.406(R)|    0.503(R)|FPGA_CLK1_BUFGP   |   0.000|
MZB_A<6>    |    0.452(R)|    0.453(R)|FPGA_CLK1_BUFGP   |   0.000|
MZB_A<7>    |    0.430(R)|    0.477(R)|FPGA_CLK1_BUFGP   |   0.000|
MZB_A<8>    |    0.389(R)|    0.510(R)|FPGA_CLK1_BUFGP   |   0.000|
MZB_A<9>    |    0.432(R)|    0.465(R)|FPGA_CLK1_BUFGP   |   0.000|
MZB_A<10>   |    0.453(R)|    0.447(R)|FPGA_CLK1_BUFGP   |   0.000|
MZB_A<11>   |    0.785(R)|    0.172(R)|FPGA_CLK1_BUFGP   |   0.000|
MZB_A<12>   |    0.465(R)|    0.436(R)|FPGA_CLK1_BUFGP   |   0.000|
MZB_A<13>   |    1.175(R)|   -0.143(R)|FPGA_CLK1_BUFGP   |   0.000|
MZB_A<14>   |    0.980(R)|    0.004(R)|FPGA_CLK1_BUFGP   |   0.000|
MZB_A<15>   |    1.007(R)|   -0.016(R)|FPGA_CLK1_BUFGP   |   0.000|
MZB_A<16>   |    0.534(R)|    0.354(R)|FPGA_CLK1_BUFGP   |   0.000|
MZB_A<17>   |    1.604(R)|   -0.487(R)|FPGA_CLK1_BUFGP   |   0.000|
MZB_A<18>   |    0.591(R)|    0.330(R)|FPGA_CLK1_BUFGP   |   0.000|
MZB_A<19>   |    0.502(R)|    0.395(R)|FPGA_CLK1_BUFGP   |   0.000|
MZB_A<20>   |    0.740(R)|    0.216(R)|FPGA_CLK1_BUFGP   |   0.000|
MZB_A<21>   |    0.056(R)|    0.774(R)|FPGA_CLK1_BUFGP   |   0.000|
MZB_A<22>   |    0.712(R)|    0.249(R)|FPGA_CLK1_BUFGP   |   0.000|
MZB_A<23>   |    0.387(R)|    0.512(R)|FPGA_CLK1_BUFGP   |   0.000|
MZB_CPLD_AS |    1.621(R)|   -0.470(R)|FPGA_CLK1_BUFGP   |   0.000|
------------+------------+------------+------------------+--------+

Clock FPGA_CLK1 to Pad
------------+------------+------------------+--------+
            | clk (edge) |                  | Clock  |
Destination |   to PAD   |Internal Clock(s) | Phase  |
------------+------------+------------------+--------+
MZB_D<0>    |    9.876(R)|FPGA_CLK1_BUFGP   |   0.000|
MZB_D<1>    |    9.867(R)|FPGA_CLK1_BUFGP   |   0.000|
MZB_D<2>    |    9.510(R)|FPGA_CLK1_BUFGP   |   0.000|
MZB_D<3>    |    9.513(R)|FPGA_CLK1_BUFGP   |   0.000|
MZB_D<4>    |   10.232(R)|FPGA_CLK1_BUFGP   |   0.000|
MZB_D<5>    |   10.241(R)|FPGA_CLK1_BUFGP   |   0.000|
MZB_D<6>    |   10.971(R)|FPGA_CLK1_BUFGP   |   0.000|
MZB_D<7>    |   11.356(R)|FPGA_CLK1_BUFGP   |   0.000|
MZB_D<8>    |   11.333(R)|FPGA_CLK1_BUFGP   |   0.000|
MZB_D<9>    |   12.095(R)|FPGA_CLK1_BUFGP   |   0.000|
MZB_D<10>   |   11.695(R)|FPGA_CLK1_BUFGP   |   0.000|
MZB_D<11>   |   12.096(R)|FPGA_CLK1_BUFGP   |   0.000|
MZB_D<12>   |   12.474(R)|FPGA_CLK1_BUFGP   |   0.000|
MZB_D<13>   |   12.475(R)|FPGA_CLK1_BUFGP   |   0.000|
MZB_D<14>   |   12.834(R)|FPGA_CLK1_BUFGP   |   0.000|
MZB_D<15>   |   12.835(R)|FPGA_CLK1_BUFGP   |   0.000|
MZB_D<16>   |   10.217(R)|FPGA_CLK1_BUFGP   |   0.000|
MZB_D<17>   |   10.209(R)|FPGA_CLK1_BUFGP   |   0.000|
MZB_D<18>   |   10.203(R)|FPGA_CLK1_BUFGP   |   0.000|
MZB_D<19>   |    9.865(R)|FPGA_CLK1_BUFGP   |   0.000|
MZB_D<20>   |    9.876(R)|FPGA_CLK1_BUFGP   |   0.000|
MZB_D<21>   |    9.871(R)|FPGA_CLK1_BUFGP   |   0.000|
MZB_D<22>   |    9.871(R)|FPGA_CLK1_BUFGP   |   0.000|
MZB_D<23>   |   10.592(R)|FPGA_CLK1_BUFGP   |   0.000|
MZB_D<24>   |   10.242(R)|FPGA_CLK1_BUFGP   |   0.000|
MZB_D<25>   |   10.603(R)|FPGA_CLK1_BUFGP   |   0.000|
MZB_D<26>   |   10.972(R)|FPGA_CLK1_BUFGP   |   0.000|
MZB_D<27>   |   11.356(R)|FPGA_CLK1_BUFGP   |   0.000|
MZB_D<28>   |   11.716(R)|FPGA_CLK1_BUFGP   |   0.000|
MZB_D<29>   |   12.096(R)|FPGA_CLK1_BUFGP   |   0.000|
MZB_D<30>   |   12.036(R)|FPGA_CLK1_BUFGP   |   0.000|
MZB_D<31>   |   12.475(R)|FPGA_CLK1_BUFGP   |   0.000|
------------+------------+------------------+--------+

Clock to Setup on destination clock FPGA_CLK1
---------------+---------+---------+---------+---------+
               | Src:Rise| Src:Fall| Src:Rise| Src:Fall|
Source Clock   |Dest:Rise|Dest:Rise|Dest:Fall|Dest:Fall|
---------------+---------+---------+---------+---------+
FPGA_CLK1      |    8.882|         |         |         |
---------------+---------+---------+---------+---------+


Analysis completed Wed Feb 22 12:32:24 2012 
--------------------------------------------------------------------------------

Trace Settings:
-------------------------
Trace Settings 

Peak Memory Usage: 162 MB



