MO ece453_top_level NULL ece453_top_level.v vlg4A/ece453__top__level.bin 1329936978
MO reg_file NULL reg_file.v vlg69/reg__file.bin 1329936978
MO shift_reg NULL shift_reg.v vlg43/shift__reg.bin 1329936978
MO ece453_master_module NULL ece453_master_module.v vlg21/ece453__master__module.bin 1329936978
MO bdu NULL bdu.v vlg7B/bdu.bin 1329936978
